[    0.000000] Initializing cgroup subsys cpuset
[    0.000000] Initializing cgroup subsys cpu
[    0.000000] Initializing cgroup subsys cpuacct
[    0.000000] Linux version 4.4.0-210-generic (buildd@lgw01-amd64-009) (gcc version 5.4.0 20160609 (Ubuntu 5.4.0-6ubuntu1~16.04.12) ) #242-Ubuntu SMP Fri Apr 16 09:57:56 UTC 2021 (Ubuntu 4.4.0-210.242-generic 4.4.262)
[    0.000000] Command line: BOOT_IMAGE=/boot/vmlinuz-4.4.0-210-generic root=LABEL=cloudimg-rootfs ro console=tty1 console=ttyS0
[    0.000000] KERNEL supported cpus:
[    0.000000]   Intel GenuineIntel
[    0.000000]   AMD AuthenticAMD
[    0.000000]   Centaur CentaurHauls
[    0.000000] x86/fpu: Legacy x87 FPU detected.
[    0.000000] e820: BIOS-provided physical RAM map:
[    0.000000] BIOS-e820: [mem 0x0000000000000000-0x000000000009fbff] usable
[    0.000000] BIOS-e820: [mem 0x000000000009fc00-0x000000000009ffff] reserved
[    0.000000] BIOS-e820: [mem 0x00000000000f0000-0x00000000000fffff] reserved
[    0.000000] BIOS-e820: [mem 0x0000000000100000-0x000000003ffeffff] usable
[    0.000000] BIOS-e820: [mem 0x000000003fff0000-0x000000003fffffff] ACPI data
[    0.000000] BIOS-e820: [mem 0x00000000fec00000-0x00000000fec00fff] reserved
[    0.000000] BIOS-e820: [mem 0x00000000fee00000-0x00000000fee00fff] reserved
[    0.000000] BIOS-e820: [mem 0x00000000fffc0000-0x00000000ffffffff] reserved
[    0.000000] NX (Execute Disable) protection: active
[    0.000000] SMBIOS 2.5 present.
[    0.000000] Hypervisor detected: KVM
[    0.000000] Kernel/User page tables isolation: disabled
[    0.000000] e820: last_pfn = 0x3fff0 max_arch_pfn = 0x400000000
[    0.000000] MTRR: Disabled
[    0.000000] x86/PAT: MTRRs disabled, skipping PAT initialization too.
[    0.000000] CPU MTRRs all blank - virtualized system.
[    0.000000] x86/PAT: Configuration [0-7]: WB  WT  UC- UC  WB  WT  UC- UC  
[    0.000000] found SMP MP-table at [mem 0x0009fff0-0x0009ffff] mapped at [ffff88000009fff0]
[    0.000000] Scanning 1 areas for low memory corruption
[    0.000000] RAMDISK: [mem 0x362dc000-0x37165fff]
[    0.000000] ACPI: Early table checksum verification disabled
[    0.000000] ACPI: RSDP 0x00000000000E0000 000024 (v02 VBOX  )
[    0.000000] ACPI: XSDT 0x000000003FFF0030 00003C (v01 VBOX   VBOXXSDT 00000001 ASL  00000061)
[    0.000000] ACPI: FACP 0x000000003FFF00F0 0000F4 (v04 VBOX   VBOXFACP 00000001 ASL  00000061)
[    0.000000] ACPI: DSDT 0x000000003FFF0610 002353 (v02 VBOX   VBOXBIOS 00000002 INTL 20100528)
[    0.000000] ACPI: FACS 0x000000003FFF0200 000040
[    0.000000] ACPI: FACS 0x000000003FFF0200 000040
[    0.000000] ACPI: APIC 0x000000003FFF0240 00005C (v02 VBOX   VBOXAPIC 00000001 ASL  00000061)
[    0.000000] ACPI: SSDT 0x000000003FFF02A0 00036C (v01 VBOX   VBOXCPUT 00000002 INTL 20100528)
[    0.000000] No NUMA configuration found
[    0.000000] Faking a node at [mem 0x0000000000000000-0x000000003ffeffff]
[    0.000000] NODE_DATA(0) allocated [mem 0x3ffeb000-0x3ffeffff]
[    0.000000] kvm-clock: Using msrs 4b564d01 and 4b564d00
[    0.000000] kvm-clock: cpu 0, msr 0:3ffe3001, primary cpu clock
[    0.000000] kvm-clock: using sched offset of 3400728490 cycles
[    0.000000] clocksource: kvm-clock: mask: 0xffffffffffffffff max_cycles: 0x1cd42e4dffb, max_idle_ns: 881590591483 ns
[    0.000000] Zone ranges:
[    0.000000]   DMA      [mem 0x0000000000001000-0x0000000000ffffff]
[    0.000000]   DMA32    [mem 0x0000000001000000-0x000000003ffeffff]
[    0.000000]   Normal   empty
[    0.000000]   Device   empty
[    0.000000] Movable zone start for each node
[    0.000000] Early memory node ranges
[    0.000000]   node   0: [mem 0x0000000000001000-0x000000000009efff]
[    0.000000]   node   0: [mem 0x0000000000100000-0x000000003ffeffff]
[    0.000000] Initmem setup node 0 [mem 0x0000000000001000-0x000000003ffeffff]
[    0.000000] ACPI: PM-Timer IO Port: 0x4008
[    0.000000] IOAPIC[0]: apic_id 2, version 32, address 0xfec00000, GSI 0-23
[    0.000000] ACPI: INT_SRC_OVR (bus 0 bus_irq 0 global_irq 2 dfl dfl)
[    0.000000] ACPI: INT_SRC_OVR (bus 0 bus_irq 9 global_irq 9 low level)
[    0.000000] Using ACPI (MADT) for SMP configuration information
[    0.000000] smpboot: Allowing 2 CPUs, 0 hotplug CPUs
[    0.000000] PM: Registered nosave memory: [mem 0x00000000-0x00000fff]
[    0.000000] PM: Registered nosave memory: [mem 0x0009f000-0x0009ffff]
[    0.000000] PM: Registered nosave memory: [mem 0x000a0000-0x000effff]
[    0.000000] PM: Registered nosave memory: [mem 0x000f0000-0x000fffff]
[    0.000000] e820: [mem 0x40000000-0xfebfffff] available for PCI devices
[    0.000000] Booting paravirtualized kernel on KVM
[    0.000000] clocksource: refined-jiffies: mask: 0xffffffff max_cycles: 0xffffffff, max_idle_ns: 7645519600211568 ns
[    0.000000] setup_percpu: NR_CPUS:512 nr_cpumask_bits:512 nr_cpu_ids:2 nr_node_ids:1
[    0.000000] PERCPU: Embedded 33 pages/cpu @ffff88003fc00000 s95192 r8192 d31784 u1048576
[    0.000000] Built 1 zonelists in Node order, mobility grouping on.  Total pages: 257912
[    0.000000] Policy zone: DMA32
[    0.000000] Kernel command line: BOOT_IMAGE=/boot/vmlinuz-4.4.0-210-generic root=LABEL=cloudimg-rootfs ro console=tty1 console=ttyS0
[    0.000000] PID hash table entries: 4096 (order: 3, 32768 bytes)
[    0.000000] Memory: 997792K/1048120K available (8644K kernel code, 1332K rwdata, 4044K rodata, 1492K init, 1164K bss, 50328K reserved, 0K cma-reserved)
[    0.000000] SLUB: HWalign=64, Order=0-3, MinObjects=0, CPUs=2, Nodes=1
[    0.000000] Hierarchical RCU implementation.
[    0.000000] 	Build-time adjustment of leaf fanout to 64.
[    0.000000] 	RCU restricting CPUs from NR_CPUS=512 to nr_cpu_ids=2.
[    0.000000] RCU: Adjusting geometry for rcu_fanout_leaf=64, nr_cpu_ids=2
[    0.000000] NR_IRQS:33024 nr_irqs:440 16
[    0.000000] Console: colour VGA+ 80x25
[    0.000000] console [tty1] enabled
[    0.000000] console [ttyS0] enabled
[    0.000000] tsc: Detected 2419.198 MHz processor
[    0.419867] Calibrating delay loop (skipped) preset value.. 4838.39 BogoMIPS (lpj=9676792)
[    0.425375] pid_max: default: 32768 minimum: 301
[    0.429215] ACPI: Core revision 20150930
[    0.432670] ACPI: 2 ACPI AML tables successfully acquired and loaded
[    0.437925] Security Framework initialized
[    0.440628] Yama: becoming mindful.
[    0.443272] AppArmor: AppArmor initialized
[    0.446524] Dentry cache hash table entries: 131072 (order: 8, 1048576 bytes)
[    0.454848] Inode-cache hash table entries: 65536 (order: 7, 524288 bytes)
[    0.461591] Mount-cache hash table entries: 2048 (order: 2, 16384 bytes)
[    0.466012] Mountpoint-cache hash table entries: 2048 (order: 2, 16384 bytes)
[    0.472833] Initializing cgroup subsys io
[    0.476008] Initializing cgroup subsys memory
[    0.478944] Initializing cgroup subsys devices
[    0.483572] Initializing cgroup subsys freezer
[    0.488324] Initializing cgroup subsys net_cls
[    0.492302] Initializing cgroup subsys perf_event
[    0.496131] Initializing cgroup subsys net_prio
[    0.499641] Initializing cgroup subsys hugetlb
[    0.503104] Initializing cgroup subsys pids
[    0.512159] mce: CPU supports 0 MCE banks
[    0.515101] Last level iTLB entries: 4KB 0, 2MB 0, 4MB 0
[    0.518814] Last level dTLB entries: 4KB 0, 2MB 0, 4MB 0, 1GB 0
[    0.523098] Spectre V1 : Mitigation: usercopy/swapgs barriers and __user pointer sanitization
[    0.528621] Spectre V2 : Mitigation: Enhanced IBRS
[    0.532357] Spectre V2 : Spectre v2 / SpectreRSB mitigation: Filling RSB on context switch
[    0.539979] Speculative Store Bypass: Vulnerable
[    0.584117] Freeing SMP alternatives memory: 36K
[    0.672424] ftrace: allocating 32380 entries in 127 pages
[    1.378050] smpboot: APIC(0) Converting physical 0 to logical package 0
[    1.383011] smpboot: Max logical packages: 1
[    1.397741] ..TIMER: vector=0x30 apic1=0 pin1=2 apic2=-1 pin2=-1
[    1.510907] APIC calibration not consistent with PM-Timer: 104ms instead of 100ms
[    1.516612] APIC delta adjusted to PM-Timer: 6313518 (6599268)
[    1.520545] smpboot: CPU0: 11th Gen Intel(R) Core(TM) i5-1135G7 @ 2.40GHz (family: 0x6, model: 0x8c, stepping: 0x1)
[    1.527702] Performance Events: unsupported p6 CPU model 140 no PMU driver, software events only.
[    1.623438] KVM setup paravirtual spinlock
[    1.628771] x86: Booting SMP configuration:
[    1.631931] .... node  #0, CPUs:      #1
[    1.635913] kvm-clock: cpu 1, msr 0:3ffe3041, secondary cpu clock
[    1.644955] mce: CPU supports 0 MCE banks
[    1.648943] TSC synchronization [CPU#0 -> CPU#1]:
[    1.652602] Measured 78426 cycles TSC warp between CPUs, turning off TSC clock.
[    1.657603] tsc: Marking TSC unstable due to check_tsc_sync_source failed
[    0.501303] x86: Booted up 1 node, 2 CPUs
[    0.504002] smpboot: Total of 2 processors activated (9676.79 BogoMIPS)
[    0.509701] devtmpfs: initialized
[    0.513057] evm: security.selinux
[    0.515243] evm: security.SMACK64
[    0.516004] evm: security.SMACK64EXEC
[    0.520002] evm: security.SMACK64TRANSMUTE
[    0.522513] evm: security.SMACK64MMAP
[    0.524002] evm: security.ima
[    0.526114] evm: security.capability
[    0.528272] clocksource: jiffies: mask: 0xffffffff max_cycles: 0xffffffff, max_idle_ns: 7645041785100000 ns
[    0.532016] futex hash table entries: 512 (order: 3, 32768 bytes)
[    0.536264] pinctrl core: initialized pinctrl subsystem
[    0.540332] RTC time:  6:37:59, date: 05/17/24
[    0.544737] NET: Registered protocol family 16
[    0.560009] cpuidle: using governor ladder
[    0.572011] cpuidle: using governor menu
[    0.575348] PCCT header not found.
[    0.576106] ACPI: bus type PCI registered
[    0.580003] acpiphp: ACPI Hot Plug PCI Controller Driver version: 0.5
[    0.584258] PCI: Using configuration type 1 for base access
[    0.604406] ACPI: Added _OSI(Module Device)
[    0.608004] ACPI: Added _OSI(Processor Device)
[    0.610759] ACPI: Added _OSI(3.0 _SCP Extensions)
[    0.612002] ACPI: Added _OSI(Processor Aggregator Device)
[    0.616880] ACPI: Executed 1 blocks of module-level executable AML code
[    0.625867] ACPI: Interpreter enabled
[    0.628009] ACPI: (supports S0 S5)
[    0.630220] ACPI: Using IOAPIC for interrupt routing
[    0.632249] PCI: Using host bridge windows from ACPI; if necessary, use "pci=nocrs" and report a bug
[    0.641804] ACPI: PCI Root Bridge [PCI0] (domain 0000 [bus 00-ff])
[    0.644012] acpi PNP0A03:00: _OSC: OS supports [ASPM ClockPM Segments MSI]
[    0.648435] acpi PNP0A03:00: _OSC: not requesting OS control; OS requires [ExtendedConfig ASPM ClockPM MSI]
[    0.652010] acpi PNP0A03:00: fail to add MMCONFIG information, can't access extended PCI configuration space under this bridge.
[    0.656498] PCI host bridge to bus 0000:00
[    0.660003] pci_bus 0000:00: root bus resource [io  0x0000-0x0cf7 window]
[    0.664004] pci_bus 0000:00: root bus resource [io  0x0d00-0xffff window]
[    0.668008] pci_bus 0000:00: root bus resource [mem 0x000a0000-0x000bffff window]
[    0.672003] pci_bus 0000:00: root bus resource [mem 0x40000000-0xfdffffff window]
[    0.676003] pci_bus 0000:00: root bus resource [bus 00-ff]
[    0.683627] pci 0000:00:01.1: legacy IDE quirk: reg 0x10: [io  0x01f0-0x01f7]
[    0.684003] pci 0000:00:01.1: legacy IDE quirk: reg 0x14: [io  0x03f6]
[    0.688003] pci 0000:00:01.1: legacy IDE quirk: reg 0x18: [io  0x0170-0x0177]
[    0.692004] pci 0000:00:01.1: legacy IDE quirk: reg 0x1c: [io  0x0376]
[    0.712000] pci 0000:00:07.0: quirk: [io  0x4000-0x403f] claimed by PIIX4 ACPI
[    0.712036] pci 0000:00:07.0: quirk: [io  0x4100-0x410f] claimed by PIIX4 SMB
[    0.724311] ACPI: PCI Interrupt Link [LNKA] (IRQs 5 9 10 *11)
[    0.730303] ACPI: PCI Interrupt Link [LNKB] (IRQs 5 9 *10 11)
[    0.734357] ACPI: PCI Interrupt Link [LNKC] (IRQs 5 *9 10 11)
[    0.740138] ACPI: PCI Interrupt Link [LNKD] (IRQs 5 9 10 *11)
[    0.746131] ACPI: Enabled 2 GPEs in block 00 to 07
[    0.748228] vgaarb: setting as boot device: PCI:0000:00:02.0
[    0.752000] vgaarb: device added: PCI:0000:00:02.0,decodes=io+mem,owns=io+mem,locks=none
[    0.756008] vgaarb: loaded
[    0.757954] vgaarb: bridge control possible 0000:00:02.0
[    0.760341] SCSI subsystem initialized
[    0.764177] ACPI: bus type USB registered
[    0.768073] usbcore: registered new interface driver usbfs
[    0.772029] usbcore: registered new interface driver hub
[    0.776009] usbcore: registered new device driver usb
[    0.780469] PCI: Using ACPI for IRQ routing
[    0.784659] NetLabel: Initializing
[    0.788002] NetLabel:  domain hash size = 128
[    0.790767] NetLabel:  protocols = UNLABELED CIPSOv4
[    0.792013] NetLabel:  unlabeled traffic allowed by default
[    0.796096] amd_nb: Cannot enumerate AMD northbridges
[    0.800195] clocksource: Switched to clocksource kvm-clock
[    0.808002] AppArmor: AppArmor Filesystem Enabled
[    0.808002] pnp: PnP ACPI init
[    0.808002] pnp: PnP ACPI: found 3 devices
[    0.866077] clocksource: acpi_pm: mask: 0xffffff max_cycles: 0xffffff, max_idle_ns: 2085701024 ns
[    0.868303] NET: Registered protocol family 2
[    0.876553] TCP established hash table entries: 8192 (order: 4, 65536 bytes)
[    0.881077] TCP bind hash table entries: 8192 (order: 5, 131072 bytes)
[    0.884868] TCP: Hash tables configured (established 8192 bind 8192)
[    0.884868] UDP hash table entries: 512 (order: 2, 16384 bytes)
[    0.884868] UDP-Lite hash table entries: 512 (order: 2, 16384 bytes)
[    0.884868] NET: Registered protocol family 1
[    0.884868] pci 0000:00:00.0: Limiting direct PCI/PCI transfers
[    0.884868] pci 0000:00:01.0: Activating ISA DMA hang workarounds
[    0.884868] Unpacking initramfs...
[    1.330081] Freeing initrd memory: 14888K
[    1.330081] clocksource: tsc: mask: 0xffffffffffffffff max_cycles: 0x22df0f35937, max_idle_ns: 440795269039 ns
[    1.330081] platform rtc_cmos: registered platform RTC device (no PNP device found)
[    1.330081] Scanning for low memory corruption every 60 seconds
[    1.393342] audit: initializing netlink subsys (disabled)
[    1.399638] audit: type=2000 audit(1715927883.586:1): initialized
[    1.409969] Initialise system trusted keyring
[    1.414965] HugeTLB registered 2 MB page size, pre-allocated 0 pages
[    1.422851] zbud: loaded
[    1.427263] VFS: Disk quotas dquot_6.6.0
[    1.431289] VFS: Dquot-cache hash table entries: 512 (order 0, 4096 bytes)
[    1.434829] squashfs: version 4.0 (2009/01/31) Phillip Lougher
[    1.446700] fuse init (API version 7.23)
[    1.453462] Key type big_key registered
[    1.456301] Allocating IMA MOK and blacklist keyrings.
[    1.469523] Key type asymmetric registered
[    1.472548] Asymmetric key parser 'x509' registered
[    1.476569] Block layer SCSI generic (bsg) driver version 0.4 loaded (major 249)
[    1.482635] io scheduler noop registered
[    1.488362] io scheduler deadline registered (default)
[    1.493576] io scheduler cfq registered
[    1.499902] pci_hotplug: PCI Hot Plug PCI Core version: 0.5
[    1.503580] pciehp: PCI Express Hot Plug Controller Driver version: 0.4
[    1.503580] ACPI: AC Adapter [AC] (on-line)
[    1.512774] input: Power Button as /devices/LNXSYSTM:00/LNXPWRBN:00/input/input0
[    1.519353] ACPI: Power Button [PWRF]
[    1.522289] input: Sleep Button as /devices/LNXSYSTM:00/LNXSLPBN:00/input/input1
[    1.526117] ACPI: Sleep Button [SLPF]
[    1.532577] GHES: HEST is not enabled!
[    1.534039] ACPI: Battery Slot [BAT0] (battery present)
[    1.540237] Serial: 8250/16550 driver, 32 ports, IRQ sharing enabled
[    1.569815] 00:02: ttyS0 at I/O 0x3f8 (irq = 4, base_baud = 115200) is a 16550A
[    1.589684] Linux agpgart interface v0.103
[    1.603678] loop: module loaded
[    1.608287] scsi host0: ata_piix
[    1.611697] scsi host1: ata_piix
[    1.614505] ata1: PATA max UDMA/33 cmd 0x1f0 ctl 0x3f6 bmdma 0xd000 irq 14
[    1.618341] ata2: PATA max UDMA/33 cmd 0x170 ctl 0x376 bmdma 0xd008 irq 15
[    1.625360] libphy: Fixed MDIO Bus: probed
[    1.628508] tun: Universal TUN/TAP device driver, 1.6
[    1.632719] tun: (C) 1999-2004 Max Krasnyansky <maxk@qualcomm.com>
[    1.638375] PPP generic driver version 2.4.2
[    1.643531] ehci_hcd: USB 2.0 'Enhanced' Host Controller (EHCI) Driver
[    1.649499] ehci-pci: EHCI PCI platform driver
[    1.653700] ehci-platform: EHCI generic platform driver
[    1.657540] ohci_hcd: USB 1.1 'Open' Host Controller (OHCI) Driver
[    1.657582] ohci-pci: OHCI PCI platform driver
[    1.657582] ohci-platform: OHCI generic platform driver
[    1.657582] uhci_hcd: USB Universal Host Controller Interface driver
[    1.657582] i8042: PNP: PS/2 Controller [PNP0303:PS2K,PNP0f03:PS2M] at 0x60,0x64 irq 1,12
[    1.685964] serio: i8042 KBD port at 0x60,0x64 irq 1
[    1.688410] serio: i8042 AUX port at 0x60,0x64 irq 12
[    1.694913] mousedev: PS/2 mouse device common for all mice
[    1.703617] input: AT Translated Set 2 keyboard as /devices/platform/i8042/serio0/input/input2
[    1.709922] rtc_cmos rtc_cmos: rtc core: registered rtc_cmos as rtc0
[    1.714810] rtc_cmos rtc_cmos: alarms up to one day, 114 bytes nvram
[    1.719581] i2c /dev entries driver
[    1.722805] device-mapper: uevent: version 1.0.3
[    1.728343] device-mapper: ioctl: 4.34.0-ioctl (2015-10-28) initialised: dm-devel@redhat.com
[    1.735901] ledtrig-cpu: registered to indicate activity on CPUs
[    1.742519] NET: Registered protocol family 10
[    1.746420] NET: Registered protocol family 17
[    1.750110] Key type dns_resolver registered
[    1.755525] registered taskstats version 1
[    1.760749] Loading compiled-in X.509 certificates
[    1.766387] Loaded X.509 cert 'Build time autogenerated kernel key: cf00e047681d67edb2720680708b7d9498083038'
[    1.776811] zswap: loaded using pool lzo/zbud
[    1.799022] Key type trusted registered
[    1.808996] Key type encrypted registered
[    1.812919] AppArmor: AppArmor sha1 policy hashing enabled
[    1.819584] ima: No TPM chip found, activating TPM-bypass!
[    1.825641] ima: Allocated hash algorithm: sha1
[    1.830454] evm: HMAC attrs: 0x1
[    1.834579]   Magic number: 8:486:620
[    1.866057] rtc_cmos rtc_cmos: setting system clock to 2024-05-17 06:38:00 UTC (1715927880)
[    1.873879] BIOS EDD facility v0.16 2004-Jun-25, 0 devices found
[    1.878716] EDD information not available.
[    1.885128] Freeing unused kernel memory: 1492K
[    1.905127] Write protecting the kernel read-only data: 14336k
[    1.910547] Freeing unused kernel memory: 1584K
[    1.914973] Freeing unused kernel memory: 52K
Loading, please wait...
starting version 229
[    1.946954] random: systemd-udevd: uninitialized urandom read (16 bytes read, 9 bits of entropy available)
[    1.947862] random: udevadm: uninitialized urandom read (16 bytes read, 9 bits of entropy available)
[    1.947878] random: udevadm: uninitialized urandom read (16 bytes read, 9 bits of entropy available)
[    1.957112] random: udevadm: uninitialized urandom read (16 bytes read, 9 bits of entropy available)
[    1.957142] random: udevadm: uninitialized urandom read (16 bytes read, 9 bits of entropy available)
[    1.957259] random: udevadm: uninitialized urandom read (16 bytes read, 9 bits of entropy available)
[    1.957288] random: udevadm: uninitialized urandom read (16 bytes read, 9 bits of entropy available)
[    1.957364] random: udevadm: uninitialized urandom read (16 bytes read, 9 bits of entropy available)
[    1.957394] random: udevadm: uninitialized urandom read (16 bytes read, 9 bits of entropy available)
[    1.957421] random: udevadm: uninitialized urandom read (16 bytes read, 9 bits of entropy available)
[    2.045580] e1000: Intel(R) PRO/1000 Network Driver - version 7.3.21-k8-NAPI
[    2.053180] e1000: Copyright (c) 1999-2006 Intel Corporation.
[    2.073300] Fusion MPT base driver 3.04.20
[    2.078862] Copyright (c) 1999-2008 LSI Corporation
[    2.103579] SSE version of gcm_enc/dec engaged.
[    2.121204] Fusion MPT SPI Host driver 3.04.20
[    2.301422] input: ImExPS/2 Generic Explorer Mouse as /devices/platform/i8042/serio1/input/input4
[    3.146009] e1000 0000:00:03.0 eth0: (PCI:33MHz:32-bit) 02:be:82:6b:cc:1d
[    3.146009] e1000 0000:00:03.0 eth0: Intel(R) PRO/1000 Network Connection
[    3.188803] mptbase: ioc0: Initiating bringup
[    3.192967] e1000 0000:00:03.0 enp0s3: renamed from eth0
[    3.270018] ioc0: LSI53C1030 A0: Capabilities={Initiator}
[    3.447486] scsi host2: ioc0: LSI53C1030 A0, FwRev=00000000h, Ports=1, MaxQ=256, IRQ=20
[    3.566207] scsi 2:0:0:0: Direct-Access     VBOX     HARDDISK         1.0  PQ: 0 ANSI: 5
[    3.572314] scsi target2:0:0: Beginning Domain Validation
[    3.585555] scsi target2:0:0: Domain Validation skipping write tests
[    3.591167] scsi target2:0:0: Ending Domain Validation
[    3.596528] scsi target2:0:0: asynchronous
[    3.603780] scsi 2:0:1:0: Direct-Access     VBOX     HARDDISK         1.0  PQ: 0 ANSI: 5
[    3.607733] scsi target2:0:1: Beginning Domain Validation
[    3.622066] scsi target2:0:1: Domain Validation skipping write tests
[    3.626740] scsi target2:0:1: Ending Domain Validation
[    3.630812] scsi target2:0:1: asynchronous
[    3.662921] sd 2:0:0:0: Attached scsi generic sg0 type 0
[    3.663277] sd 2:0:0:0: [sda] 83886080 512-byte logical blocks: (42.9 GB/40.0 GiB)
[    3.664029] sd 2:0:0:0: [sda] Write Protect is off
[    3.665377] sd 2:0:0:0: [sda] Incomplete mode parameter data
[    3.665380] sd 2:0:0:0: [sda] Assuming drive cache: write through
[    3.669560]  sda: sda1
[    3.671973] sd 2:0:0:0: [sda] Attached SCSI disk
[    3.699669] sd 2:0:1:0: Attached scsi generic sg1 type 0
[    3.704421] sd 2:0:1:0: [sdb] 20480 512-byte logical blocks: (10.5 MB/10.0 MiB)
[    3.710672] sd 2:0:1:0: [sdb] Write Protect is off
[    3.716287] sd 2:0:1:0: [sdb] Incomplete mode parameter data
[    3.721046] sd 2:0:1:0: [sdb] Assuming drive cache: write through
[    3.736237] sd 2:0:1:0: [sdb] Attached SCSI disk
Begin: Loading essential drivers ... [    5.242801] md: linear personality registered for level -1
[    5.251688] md: multipath personality registered for level -4
[    5.259628] md: raid0 personality registered for level 0
[    5.276255] md: raid1 personality registered for level 1
[   22.951327] raid6: sse2x1   gen() 4065953 MB/s
[   23.020672] raid6: sse2x1   xor()  9327 MB/s
[   23.093394] raid6: sse2x2   gen() 20531 MB/s
[   23.177214] raid6: sse2x2   xor() 16932 MB/s
[   23.250693] raid6: sse2x4   gen() 21952 MB/s
[   23.334160] raid6: sse2x4   xor() 17336 MB/s
[   23.338042] raid6: using algorithm sse2x1 gen() 4065953 MB/s
[   23.341844] raid6: .... xor() 9327 MB/s, rmw enabled
[   23.345230] raid6: using ssse3x2 recovery algorithm
[   23.350952] xor: measuring software checksum speed
[   23.392389]    prefetch64-sse: 25592.000 MB/sec
[   23.432274]    generic_sse: 21051.000 MB/sec
[   23.435806] xor: using function: prefetch64-sse (25592.000 MB/sec)
[   23.442468] async_tx: api initialized (async)
[   23.482244] md: raid6 personality registered for level 6
[   23.486953] md: raid5 personality registered for level 5
[   23.490589] md: raid4 personality registered for level 4
[   23.512379] md: raid10 personality registered for level 10
done.
Begin: Running /scripts/init-premount ... done.
Begin: Mounting root file system ... Begin: Running /scripts/local-top ... done.
Begin: Running /scripts/local-premount ... [   23.593285] Btrfs loaded
Scanning for Btrfs filesystems
done.
Warning: fsck not present, so skipping root file system
[   23.645201] EXT4-fs (sda1): mounted filesystem with ordered data mode. Opts: (null)
done.
Begin: Running /scripts/local-bottom ... done.
Begin: Running /scripts/init-bottom ... done.
[   23.785418] systemd[1]: systemd 229 running in system mode. (+PAM +AUDIT +SELINUX +IMA +APPARMOR +SMACK +SYSVINIT +UTMP +LIBCRYPTSETUP +GCRYPT +GNUTLS +ACL +XZ -LZ4 +SECCOMP +BLKID +ELFUTILS +KMOD -IDN)
[   23.797233] systemd[1]: Detected virtualization oracle.
[   23.801078] systemd[1]: Detected architecture x86-64.

Welcome to [1mUbuntu 16.04.7 LTS[0m!

[   23.811814] systemd[1]: Set hostname to <ubuntu>.
[   23.818999] systemd[1]: Initializing machine ID from random generator.
[   23.823676] systemd[1]: Installed transient /etc/machine-id file.
[   23.988059] systemd[1]: Reached target User and Group Name Lookups.
[[0;32m  OK  [0m] Reached target User and Group Name Lookups.
[   23.997177] systemd[1]: Listening on LVM2 poll daemon socket.
[[0;32m  OK  [0m] Listening on LVM2 poll daemon socket.
[   24.005847] systemd[1]: Listening on /dev/initctl Compatibility Named Pipe.
[[0;32m  OK  [0m] Listening on /dev/initctl Compatibility Named Pipe.
[   24.015348] systemd[1]: Started Forward Password Requests to Wall Directory Watch.
[[0;32m  OK  [0m] Started Forward Password Requests to Wall Directory Watch.
[   24.025303] systemd[1]: Listening on udev Kernel Socket.
[[0;32m  OK  [0m] Listening on udev Kernel Socket.
[   24.032865] systemd[1]: Listening on Syslog Socket.
[[0;32m  OK  [0m] Listening on Syslog Socket.
[   24.039665] systemd[1]: Listening on fsck to fsckd communication Socket.
[[0;32m  OK  [0m] Listening on fsck to fsckd communication Socket.
[   24.048821] systemd[1]: Listening on udev Control Socket.
[[0;32m  OK  [0m] Listening on udev Control Socket.
[   24.057358] systemd[1]: Listening on Journal Socket.
[[0;32m  OK  [0m] Listening on Journal Socket.
[   24.066697] systemd[1]: Created slice System Slice.
[[0;32m  OK  [0m] Created slice System Slice.
[   24.096636] systemd[1]: Starting Uncomplicated firewall...
         Starting Uncomplicated firewall...
[   24.108839] systemd[1]: Starting Set console keymap...
         Starting Set console keymap...
[   24.120165] systemd[1]: Starting File System Check on Root Device...
         Starting File System Check on Root Device...
[   24.132594] systemd[1]: Mounting Huge Pages File System...
         Mounting Huge Pages File System...
[   24.146292] systemd[1]: Listening on Journal Audit Socket.
[[0;32m  OK  [0m] Listening on Journal Audit Socket.
[   24.172131] systemd[1]: Mounting POSIX Message Queue File System...
         Mounting POSIX Message Queue File System...
[   24.184774] systemd[1]: Created slice User and Session Slice.
[[0;32m  OK  [0m] Created slice User and Session Slice.
[   24.193857] systemd[1]: Reached target Slices.
[[0;32m  OK  [0m] Reached target Slices.
[   24.200902] systemd[1]: Starting Create list of required static device nodes for the current kernel...
         Starting Create list of required st... nodes for the current kernel...
[   24.213456] systemd[1]: Listening on Device-mapper event daemon FIFOs.
[[0;32m  OK  [0m] Listening on Device-mapper event daemon FIFOs.
[   24.221796] systemd[1]: Created slice system-serial\x2dgetty.slice.
[[0;32m  OK  [0m] Created slice system-serial\x2dgetty.slice.
[   24.240405] systemd[1]: Starting Nameserver information manager...
         Starting Nameserver information manager...
[   24.247766] systemd[1]: Started Trigger resolvconf update for networkd DNS.
[[0;32m  OK  [0m] Started Trigger resolvconf update for networkd DNS.
[   24.256426] systemd[1]: Listening on Journal Socket (/dev/log).
[[0;32m  OK  [0m] Listening on Journal Socket (/dev/log).
[   24.273189] systemd[1]: Starting Journal Service...
[   24.276951] random: nonblocking pool is initialized
         Starting Journal Service...
[   24.286140] systemd[1]: Reached target Swap.
[[0;32m  OK  [0m] Reached target Swap.
[   24.295834] systemd[1]: Reached target Encrypted Volumes.
[[0;32m  OK  [0m] Reached target Encrypted Volumes.
[   24.306538] systemd[1]: Mounting Debug File System...
         Mounting Debug File System...
[   24.314245] systemd[1]: Listening on LVM2 metadata daemon socket.
[[0;32m  OK  [0m] Listening on LVM2 metadata daemon socket.
[   24.322816] systemd[1]: Starting Monitoring of LVM2 mirrors, snapshots etc. using dmeventd or progress polling...
         Starting Monitoring of LVM2 mirrors... dmeventd or progress polling...
[   24.336550] systemd[1]: Set up automount Arbitrary Executable File Formats File System Automount Point.
[[0;32m  OK  [0m] Set up automount Arbitrary Executab...ats File System Automount Point.
[   24.351805] systemd[1]: Reached target System Time Synchronized.
[[0;32m  OK  [0m] Reached target System Time Synchronized.
[   24.377015] systemd[1]: Starting Load Kernel Modules...
         Starting Load Kernel Modules...
[   24.390549] systemd[1]: Mounted Huge Pages File System.
[[0;32m  OK  [0m] Mounted Huge Pages File System.[   24.400218] Loading iSCSI transport class v2.0-870.

[   24.403137] systemd[1]: Mounted POSIX Message Queue File System.
[[0;32m  OK  [0m] Mounted POSIX Message Queue File System.
[   24.413615] systemd[1]: Mounted Debug File System.
[[0;32m  OK  [0m] Mounted Debug File System.
[   24.422466] systemd[1]: Started Journal Service.
[   24.426841] iscsi: registered transport (tcp)
[[0;32m  OK  [0m] Started Journal Service.
[[0;32m  OK  [0m] Started Uncomplicated firewall.
[[0;32m  OK  [0m] Started Set console keymap.
[[0;32m  OK  [0m] Started File System Check on Root Device.
[[0;32m  OK  [0m] Started Create list of required sta...ce nodes for the current kernel.
[[0;32m  OK  [0m] Started LVM2 metadata daemon.
[[0;32m  OK  [0m] Started File System Check Daemon to report status.
         Starting Create Static Device Nodes in /dev...
         Starting Remount Root and Kernel File Systems...
[[0;32m  OK  [0m] Started Nameserver information manager.
[   24.521294] EXT4-fs (sda1): re-mounted. Opts: (null)
[   24.527146] iscsi: registered transport (iser)
[[0;32m  OK  [0m] Started Remount Root and Kernel File Systems.
[[0;32m  OK  [0m] Started Load Kernel Modules.
         Mounting FUSE Control File System...
         Starting Apply Kernel Variables...
         Starting Flush Journal to Persistent Storage...
         Starting Load/Save Random Seed...
         Starting udev Coldplug all Devices...
[[0;32m  OK  [0m] Mounted FUSE Control File System.
[[0;32m  OK  [0m] Started Create Static Device Nodes in /dev.
[[0;32m  OK  [0m] Started Apply Kernel Variables.
[[0;32m  OK  [0m] Started Load/Save Random Seed.
         Starting udev Kernel Device Manager...
[[0;32m  OK  [0m] Started Flush Journal to Persistent Storage.
[[0;32m  OK  [0m] Started udev Coldplug all Devices.
[[0;32m  OK  [0m] Started udev Kernel Device Manager.
[[0;32m  OK  [0m] Started Dispatch Password Requests to Console Directory Watch.
[[0;32m  OK  [0m] Found device /dev/ttyS0.
[[0;32m  OK  [0m] Started Monitoring of LVM2 mirrors,...ng dmeventd or progress polling.
[[0;32m  OK  [0m] Reached target Local File Systems (Pre).
[[0;32m  OK  [0m] Reached target Local File Systems.
         Starting Create Volatile Files and Directories...
         Starting LSB: AppArmor initialization...
         Starting Initial cloud-init job (pre-networking)...
         Starting Set console font and keymap...
         Starting Commit a transient machine-id on disk...
         Starting Tell Plymouth To Write Out Runtime Data...
[[0;32m  OK  [0m] Started Create Volatile Files and Directories.
[   25.806777] cloud-init[542]: Cloud-init v. 21.1-19-gbad84ad4-0ubuntu1~16.04.2 running 'init-local' at Fri, 17 May 2024 06:38:24 +0000. Up 25.51 seconds.
[[0;32m  OK  [0m] Started Commit a transient machine-id on disk.
[[0;32m  OK  [0m] Started Tell Plymouth To Write Out Runtime Data.
[[0;32m  OK  [0m] Started Initial cloud-init job (pre-networking).
[[0;32m  OK  [0m] Listening on Load/Save RF Kill Switch Status /dev/rfkill Watch.
[[0;32m  OK  [0m] Reached target Network (Pre).
         Starting Update UTMP about System Boot/Shutdown...
[[0;32m  OK  [0m] Started Update UTMP about System Boot/Shutdown.
[[0;32m  OK  [0m] Started Set console font and keymap.
[[0;32m  OK  [0m] Created slice system-getty.slice.
[[0;32m  OK  [0m] Started LSB: AppArmor initialization.
         Starting Raise network interfaces...
         Starting Load AppArmor profiles managed internally by snapd...
[[0;32m  OK  [0m] Started Load AppArmor profiles managed internally by snapd.
[[0;32m  OK  [0m] Started Raise network interfaces.
[[0;32m  OK  [0m] Reached target Network.
         Starting Initial cloud-init job (metadata service crawler)...
[   27.544506] cloud-init[946]: Cloud-init v. 21.1-19-gbad84ad4-0ubuntu1~16.04.2 running 'init' at Fri, 17 May 2024 06:38:25 +0000. Up 27.06 seconds.
[   27.549665] cloud-init[946]: ci-info: ++++++++++++++++++++++++++++++++++++++Net device info++++++++++++++++++++++++++++++++++++++
[   27.554027] cloud-init[946]: ci-info: +--------+------+----------------------------+---------------+--------+-------------------+
[   27.558248] cloud-init[946]: ci-info: | Device |  Up  |          Address           |      Mask     | Scope  |     Hw-Address    |
[   27.562674] cloud-init[946]: ci-info: +--------+------+----------------------------+---------------+--------+-------------------+
[   27.567408] cloud-init[946]: ci-info: | enp0s3 | True |         10.0.2.15          | 255.255.255.0 | global | 02:be:82:6b:cc:1d |
[   27.572083] cloud-init[946]: ci-info: | enp0s3 | True | fe80::be:82ff:fe6b:cc1d/64 |       .       |  link  | 02:be:82:6b:cc:1d |
[   27.576820] cloud-init[946]: ci-info: |   lo   | True |         127.0.0.1          |   255.0.0.0   |  host  |         .         |
[   27.581633] cloud-init[946]: ci-info: |   lo   | True |          ::1/128           |       .       |  host  |         .         |
[   27.586121] cloud-init[946]: ci-info: +--------+------+----------------------------+---------------+--------+-------------------+
[   27.590932] cloud-init[946]: ci-info: +++++++++++++++++++++++++++Route IPv4 info++++++++++++++++++++++++++++
[   27.594961] cloud-init[946]: ci-info: +-------+-------------+----------+---------------+-----------+-------+
[   27.599232] cloud-init[946]: ci-info: | Route | Destination | Gateway  |    Genmask    | Interface | Flags |
[   27.603266] cloud-init[946]: ci-info: +-------+-------------+----------+---------------+-----------+-------+
[   27.606893] cloud-init[946]: ci-info: |   0   |   0.0.0.0   | 10.0.2.2 |    0.0.0.0    |   enp0s3  |   UG  |
[   27.611146] cloud-init[946]: ci-info: |   1   |   10.0.2.0  | 0.0.0.0  | 255.255.255.0 |   enp0s3  |   U   |
[   27.615893] cloud-init[946]: ci-info: +-------+-------------+----------+---------------+-----------+-------+
[   27.620439] cloud-init[946]: ci-info: +++++++++++++++++++Route IPv6 info+++++++++++++++++++
[   27.624696] cloud-init[946]: ci-info: +-------+-------------+---------+-----------+-------+
[   27.628350] cloud-init[946]: ci-info: | Route | Destination | Gateway | Interface | Flags |
[   27.632641] cloud-init[946]: ci-info: +-------+-------------+---------+-----------+-------+
[   27.636759] cloud-init[946]: ci-info: |   0   |  fe80::/64  |    ::   |   enp0s3  |   U   |
[   27.640848] cloud-init[946]: ci-info: |   3   |   ff00::/8  |    ::   |   enp0s3  |   U   |
[   27.644995] cloud-init[946]: ci-info: +-------+-------------+---------+-----------+-------+
[   27.649103] cloud-init[946]: Generating public/private rsa key pair.
[   27.652561] cloud-init[946]: Your identification has been saved in /etc/ssh/ssh_host_rsa_key.
[   27.656938] cloud-init[946]: Your public key has been saved in /etc/ssh/ssh_host_rsa_key.pub.
[   27.661637] cloud-init[946]: The key fingerprint is:
[   27.665256] cloud-init[946]: SHA256:lsYMfQC8fAn6ddKK75jt3lUO+N0Jv1GTNMrAKOJ/mBQ root@ubuntu-xenial
[   27.669511] cloud-init[946]: The key's randomart image is:
[   27.672844] cloud-init[946]: +---[RSA 2048]----+
[   27.675811] cloud-init[946]: |     ....        |
[   27.679064] cloud-init[946]: |      o. .o      |
[   27.679944] cloud-init[946]: |     +.E.+.o   o |
[   27.680014] cloud-init[946]: |    o ++Boo.o o o|
[   27.680782] cloud-init[946]: |     o =S+. .+.o.|
[   27.681130] cloud-init[946]: |      =o+  . =o.+|
[   27.681469] cloud-init[946]: |       = .  o o+.|
[   27.681807] cloud-init[946]: |       +o. .    o|
[   27.682144] cloud-init[946]: |      o+= .    . |
[   27.682480] cloud-init[946]: +----[SHA256]-----+
[   27.682823] cloud-init[946]: Generating public/private dsa key pair.
[   27.683157] cloud-init[946]: Your identification has been saved in /etc/ssh/ssh_host_dsa_key.
[   27.683499] cloud-init[946]: Your public key has been saved in /etc/ssh/ssh_host_dsa_key.pub.
[   27.683836] cloud-init[946]: The key fingerprint is:
[   27.684751] cloud-init[946]: SHA256:hrXZ6qZ4KizppBQspx7p0/kuvHK/WjkN51Osrr2Ww0Y root@ubuntu-xenial
[   27.685077] cloud-init[946]: The key's randomart image is:
[   27.685410] cloud-init[946]: +---[DSA 1024]----+
[   27.685755] cloud-init[946]: |                 |
[   27.686095] cloud-init[946]: |                 |
[   27.686407] cloud-init[946]: |        .        |
[   27.686746] cloud-init[946]: |.      o.+       |
[   27.687088] cloud-init[946]: |.o.  ...So.      |
[   27.687424] cloud-init[946]: |.oo   *Eo.       |
[   27.687762] cloud-init[946]: |.Bo .+o=o        |
[   27.688270] cloud-init[946]: |Oo+*..=Bo        |
[   27.688494] cloud-init[946]: |o=++XO**+        |
[   27.688829] cloud-init[946]: +----[SHA256]-----+
[   27.689166] cloud-init[946]: Generating public/private ecdsa key pair.
[   27.689508] cloud-init[946]: Your identification has been saved in /etc/ssh/ssh_host_ecdsa_key.
[   27.689842] cloud-init[946]: Your public key has been saved in /etc/ssh/ssh_host_ecdsa_key.pub.
[   27.690162] cloud-init[946]: The key fingerprint is:
[   27.690500] cloud-init[946]: SHA256:1MAJuWM2odZRR4mxTcT8Wo6e1dC7xjbr8Buuuim5Wfg root@ubuntu-xenial
[   27.690846] cloud-init[946]: The key's randomart image is:
[   27.691151] cloud-init[946]: +---[ECDSA 256]---+
[   27.691457] cloud-init[946]: |      .=+O=.     |
[   27.691794] cloud-init[946]: |      + +B+      |
[   27.692511] cloud-init[946]: |     o +o o. .   |
[   27.692849] cloud-init[946]: |    o B.    + .  |
[   27.693164] cloud-init[946]: |   . o oS  = o . |
[   27.693483] cloud-init[946]: |         .o o o  |
[   27.693800] cloud-init[946]: |        .o.o.... |
[   27.693859] cloud-init[946]: |        o+o. +*. |
[   27.693919] cloud-init[946]: |        ooEo.=*+ |
[   27.693993] cloud-init[946]: +----[SHA256]-----+
[   27.694440] cloud-init[946]: Generating public/private ed25519 key pair.
[   27.694762] cloud-init[946]: Your identification has been saved in /etc/ssh/ssh_host_ed25519_key.
[   27.695074] cloud-init[946]: Your public key has been saved in /etc/ssh/ssh_host_ed25519_key.pub.
[   27.695378] cloud-init[946]: The key fingerprint is:
[   27.695683] cloud-init[946]: SHA256:zQHcG6d9hPcIUrdAi56AIFxUcIWeoOgTlYJiH68/mJo root@ubuntu-xenial
[   27.695993] cloud-init[946]: The key's randomart image is:
[   27.696711] cloud-init[946]: +--[ED25519 256]--+
[   27.697034] cloud-init[946]: |...o*oo+o. o+..  |
[   27.697443] cloud-init[946]: |oo.=.o....+.++o. |
[   27.697795] cloud-init[946]: |o.+.oo... oB.+.o |
[   27.698136] cloud-init[946]: |.... .o  =oo. o .|
[   27.698483] cloud-init[946]: |. . .   S =  .   |
[   27.698822] cloud-init[946]: | o .             |
[   27.699138] cloud-init[946]: |  . +            |
[   27.699459] cloud-init[946]: |  .o o           |
[   27.699782] cloud-init[946]: | E.   .          |
[   27.700075] cloud-init[946]: +----[SHA256]-----+
[[0;32m  OK  [0m] Started Initial cloud-init job (metadata service crawler).
[[0;32m  OK  [0m] Reached target Cloud-config availability.
[[0;32m  OK  [0m] Reached target System Initialization.
[[0;32m  OK  [0m] Listening on D-Bus System Message Bus Socket.
[[0;32m  OK  [0m] Started Ubuntu Advantage update messaging.
[[0;32m  OK  [0m] Listening on ACPID Listen Socket.
         Starting Socket activation for snappy daemon.
[[0;32m  OK  [0m] Started ACPI Events Check.
[[0;32m  OK  [0m] Reached target Paths.
         Starting LXD - unix socket.
[[0;32m  OK  [0m] Started Daily Cleanup of Temporary Directories.
[[0;32m  OK  [0m] Started Daily apt download activities.
[[0;32m  OK  [0m] Started Daily apt upgrade and clean activities.
[[0;32m  OK  [0m] Listening on UUID daemon activation socket.
[[0;32m  OK  [0m] Started Message of the Day.
[[0;32m  OK  [0m] Reached target Timers.
[[0;32m  OK  [0m] Reached target Network is Online.
         Starting iSCSI initiator daemon (iscsid)...
[[0;32m  OK  [0m] Listening on Socket activation for snappy daemon.
[[0;32m  OK  [0m] Listening on LXD - unix socket.
[[0;32m  OK  [0m] Reached target Sockets.
[[0;32m  OK  [0m] Reached target Basic System.
[[0;32m  OK  [0m] Started Deferred execution scheduler.
         Starting /etc/rc.local Compatibility...
         Starting LSB: Record successful boot for GRUB...
[[0;32m  OK  [0m] Started FUSE filesystem for LXC.
[[0;32m  OK  [0m] Started D-Bus System Message Bus.
[[0;32m  OK  [0m] Started Regular background program processing daemon.
         Starting Pollinate to seed the pseudo random number generator...
         Starting System Logging Service...
         Starting LSB: MD monitoring daemon...
         Starting Accounts Service...
         Starting Login Service...
[[0;32m  OK  [0m] Started ACPI event daemon.
         Starting Virtualbox guest utils...
         Starting LXD - container startup/shutdown...
         Starting Snap Daemon...
[[0;32m  OK  [0m] Started iSCSI initiator daemon (iscsid).
[[0;32m  OK  [0m] Started /etc/rc.local Compatibility.
         Starting Login to default iSCSI targets...
[[0;32m  OK  [0m] Started System Logging Service.
[[0;32m  OK  [0m] Started Login Service.
[[0;32m  OK  [0m] Started Unattended Upgrades Shutdown.
[[0;32m  OK  [0m] Started LSB: Record successful boot for GRUB.
[[0;32m  OK  [0m] Started LSB: MD monitoring daemon.
         Starting Authenticate and Authorize Users to Run Privileged Tasks...
[[0;32m  OK  [0m] Started Login to default iSCSI targets.
[[0;32m  OK  [0m] Reached target Remote File Systems (Pre).
[[0;32m  OK  [0m] Reached target Remote File Systems.
         Starting LSB: automatic crash report generation...
         Starting LSB: Set the CPU Frequency Scaling governor to "ondemand"...
         Starting Permit User Sessions...
         Starting LSB: daemon to balance interrupts for SMP systems...
[[0;32m  OK  [0m] Started Permit User Sessions.
         Starting Hold until boot process finishes up...
         Starting Terminate Plymouth Boot Screen...
[[0;32m  OK  [0m] Started Hold until boot process finishes up.
         Starting Set console scheme...
[[0;32m  OK  [0m] Started Getty on tty1.
[[0;32m  OK  [0m] Started Serial Getty on ttyS0.
[[0;32m  OK  [0m] Reached target Login Prompts.
[[0;32m  OK  [0m] Started Terminate Plymouth Boot Screen.
[[0;32m  OK  [0m] Started Set console scheme.
[[0;32m  OK  [0m] Started Authenticate and Authorize Users to Run Privileged Tasks.
[[0;32m  OK  [0m] Started Accounts Service.
[[0;32m  OK  [0m] Started LSB: daemon to balance interrupts for SMP systems.
[[0;32m  OK  [0m] Started LSB: Set the CPU Frequency Scaling governor to "ondemand".
[[0;32m  OK  [0m] Started LSB: automatic crash report generation.
[[0;32m  OK  [0m] Started LXD - container startup/shutdown.
[[0;32m  OK  [0m] Started Virtualbox guest utils.
[[0;32m  OK  [0m] Started Snap Daemon.
         Starting Wait until snapd is fully seeded...
[[0;32m  OK  [0m] Started Pollinate to seed the pseudo random number generator.
         Starting OpenBSD Secure Shell server...
[[0;32m  OK  [0m] Started OpenBSD Secure Shell server.
[[0;32m  OK  [0m] Started Wait until snapd is fully seeded.
         Starting Apply the settings specified in cloud-config...
[[0;32m  OK  [0m] Reached target Multi-User System.
[[0;32m  OK  [0m] Reached target Graphical Interface.
         Starting Update UTMP about System Runlevel Changes...
[[0;32m  OK  [0m] Started Update UTMP about System Runlevel Changes.
[   30.076389] cloud-init[1292]: Generating locales (this might take a while)...
[   30.849572] cloud-init[1292]:   en_US.UTF-8... done
[   30.854100] cloud-init[1292]: Generation complete.
[   31.134732] cloud-init[1292]: Cloud-init v. 21.1-19-gbad84ad4-0ubuntu1~16.04.2 running 'modules:config' at Fri, 17 May 2024 06:38:28 +0000. Up 29.99 seconds.
[[0;32m  OK  [0m] Started Apply the settings specified in cloud-config.
         Starting Execute cloud user/final scripts...
ci-info: no authorized SSH keys fingerprints found for user ubuntu.
<14>May 17 06:38:30 ec2: 
<14>May 17 06:38:30 ec2: #############################################################
<14>May 17 06:38:30 ec2: -----BEGIN SSH HOST KEY FINGERPRINTS-----
<14>May 17 06:38:30 ec2: 1024 SHA256:hrXZ6qZ4KizppBQspx7p0/kuvHK/WjkN51Osrr2Ww0Y root@ubuntu-xenial (DSA)
<14>May 17 06:38:30 ec2: 256 SHA256:1MAJuWM2odZRR4mxTcT8Wo6e1dC7xjbr8Buuuim5Wfg root@ubuntu-xenial (ECDSA)
<14>May 17 06:38:30 ec2: 256 SHA256:zQHcG6d9hPcIUrdAi56AIFxUcIWeoOgTlYJiH68/mJo root@ubuntu-xenial (ED25519)
<14>May 17 06:38:30 ec2: 2048 SHA256:lsYMfQC8fAn6ddKK75jt3lUO+N0Jv1GTNMrAKOJ/mBQ root@ubuntu-xenial (RSA)
<14>May 17 06:38:30 ec2: -----END SSH HOST KEY FINGERPRINTS-----
<14>May 17 06:38:30 ec2: #############################################################
-----BEGIN SSH HOST KEY KEYS-----
ecdsa-sha2-nistp256 AAAAE2VjZHNhLXNoYTItbmlzdHAyNTYAAAAIbmlzdHAyNTYAAABBBGxy+TIIY/H66DuOte0HRxVReJExwwvAlk1gcAPjEWvgv9Iqjy1BkuAeYPLe0M60x8iRgG65VU3RsnQbc/LSFrg= root@ubuntu-xenial
ssh-ed25519 AAAAC3NzaC1lZDI1NTE5AAAAIEg1h2QfL9PUixLfa6Swx7fnRxdsdZkXGJATmKIlYwjG root@ubuntu-xenial
ssh-rsa AAAAB3NzaC1yc2EAAAADAQABAAABAQDD50lbxXckUTmrEER/1Rid4Ob9bB14wi3AkWCStfakA5mD9i63fVEzjW2trn1eJ2GIwECzezOKD8aRZj4n1ZgNqtamxIc/ISgUmstpIxhRzNm9Wi+dXA2gGuOk9A89NaAda+7MsVp5NejXphj2kjlST3+97ERX5g9jvsfRY+bNwQnFQa1H27a22+kjaTYMjmH/FErcUY7LzcttuYCAKFrLoLNAQXnVKVinXT4tUCJ9YdU5EhT9J3+hu2TxmCmbyGRtYhirjag1t0MOImLi1tWwOiXW2Qzy5LEp+Y/zX3WKJ+vi4Ji/+PoHw0agU2nd+npV0MIC5IwFH/0jYkkPqslt root@ubuntu-xenial
-----END SSH HOST KEY KEYS-----
[   31.495265] cloud-init[1335]: Cloud-init v. 21.1-19-gbad84ad4-0ubuntu1~16.04.2 running 'modules:final' at Fri, 17 May 2024 06:38:30 +0000. Up 31.35 seconds.
[   31.504561] cloud-init[1335]: ci-info: no authorized SSH keys fingerprints found for user ubuntu.
[   31.510829] cloud-init[1335]: Cloud-init v. 21.1-19-gbad84ad4-0ubuntu1~16.04.2 finished at Fri, 17 May 2024 06:38:30 +0000. Datasource DataSourceNoCloud [seed=/dev/sdb][dsmode=net].  Up 31.48 seconds
[[0;32m  OK  [0m] Started Execute cloud user/final scripts.
[[0;32m  OK  [0m] Reached target Cloud-init target.

Ubuntu 16.04.7 LTS ubuntu-xenial ttyS0

ubuntu-xenial login: 